mode: set
github.com/ROCm/k8s-gpu-dra-driver/api/amd.com/resource/gpu/v1alpha1/api.go:64.36,71.2 1 1
github.com/ROCm/k8s-gpu-dra-driver/api/amd.com/resource/gpu/v1alpha1/api.go:74.39,75.14 1 1
github.com/ROCm/k8s-gpu-dra-driver/api/amd.com/resource/gpu/v1alpha1/api.go:75.14,77.3 1 1
github.com/ROCm/k8s-gpu-dra-driver/api/amd.com/resource/gpu/v1alpha1/api.go:78.2,78.12 1 1
github.com/ROCm/k8s-gpu-dra-driver/api/amd.com/resource/gpu/v1alpha1/api.go:81.13,105.2 5 1
github.com/ROCm/k8s-gpu-dra-driver/api/amd.com/resource/gpu/v1alpha1/validate.go:36.38,38.2 1 1
github.com/ROCm/k8s-gpu-dra-driver/api/amd.com/resource/gpu/v1alpha1/zz_generated.deepcopy.go:44.51,47.2 2 0
github.com/ROCm/k8s-gpu-dra-driver/api/amd.com/resource/gpu/v1alpha1/zz_generated.deepcopy.go:50.44,51.15 1 0
github.com/ROCm/k8s-gpu-dra-driver/api/amd.com/resource/gpu/v1alpha1/zz_generated.deepcopy.go:51.15,53.3 1 0
github.com/ROCm/k8s-gpu-dra-driver/api/amd.com/resource/gpu/v1alpha1/zz_generated.deepcopy.go:54.2,56.12 3 0
github.com/ROCm/k8s-gpu-dra-driver/api/amd.com/resource/gpu/v1alpha1/zz_generated.deepcopy.go:60.54,61.34 1 0
github.com/ROCm/k8s-gpu-dra-driver/api/amd.com/resource/gpu/v1alpha1/zz_generated.deepcopy.go:61.34,63.3 1 0
github.com/ROCm/k8s-gpu-dra-driver/api/amd.com/resource/gpu/v1alpha1/zz_generated.deepcopy.go:64.2,64.12 1 0
github.com/ROCm/k8s-gpu-dra-driver/cmd/gpu-kubeletplugin/allocatable.go:35.43,36.21 1 0
github.com/ROCm/k8s-gpu-dra-driver/cmd/gpu-kubeletplugin/allocatable.go:36.21,38.3 1 0
github.com/ROCm/k8s-gpu-dra-driver/cmd/gpu-kubeletplugin/allocatable.go:39.2,39.27 1 0
github.com/ROCm/k8s-gpu-dra-driver/cmd/gpu-kubeletplugin/allocatable.go:39.27,41.3 1 0
github.com/ROCm/k8s-gpu-dra-driver/cmd/gpu-kubeletplugin/allocatable.go:42.2,42.26 1 0
github.com/ROCm/k8s-gpu-dra-driver/cmd/gpu-kubeletplugin/allocatable.go:46.52,47.18 1 0
github.com/ROCm/k8s-gpu-dra-driver/cmd/gpu-kubeletplugin/allocatable.go:48.24,49.34 1 0
github.com/ROCm/k8s-gpu-dra-driver/cmd/gpu-kubeletplugin/allocatable.go:50.30,51.40 1 0
github.com/ROCm/k8s-gpu-dra-driver/cmd/gpu-kubeletplugin/allocatable.go:53.2,53.60 1 0
github.com/ROCm/k8s-gpu-dra-driver/cmd/gpu-kubeletplugin/allocatable.go:57.60,58.18 1 0
github.com/ROCm/k8s-gpu-dra-driver/cmd/gpu-kubeletplugin/allocatable.go:59.24,60.30 1 0
github.com/ROCm/k8s-gpu-dra-driver/cmd/gpu-kubeletplugin/allocatable.go:61.30,62.36 1 0
github.com/ROCm/k8s-gpu-dra-driver/cmd/gpu-kubeletplugin/allocatable.go:64.2,64.60 1 0
github.com/ROCm/k8s-gpu-dra-driver/cmd/gpu-kubeletplugin/cdi.go:59.57,63.16 2 0
github.com/ROCm/k8s-gpu-dra-driver/cmd/gpu-kubeletplugin/cdi.go:63.16,65.3 1 0
github.com/ROCm/k8s-gpu-dra-driver/cmd/gpu-kubeletplugin/cdi.go:66.2,70.21 2 0
github.com/ROCm/k8s-gpu-dra-driver/cmd/gpu-kubeletplugin/cdi.go:73.53,90.16 3 0
github.com/ROCm/k8s-gpu-dra-driver/cmd/gpu-kubeletplugin/cdi.go:90.16,92.3 1 0
github.com/ROCm/k8s-gpu-dra-driver/cmd/gpu-kubeletplugin/cdi.go:93.2,96.16 3 0
github.com/ROCm/k8s-gpu-dra-driver/cmd/gpu-kubeletplugin/cdi.go:96.16,98.3 1 0
github.com/ROCm/k8s-gpu-dra-driver/cmd/gpu-kubeletplugin/cdi.go:100.2,100.44 1 0
github.com/ROCm/k8s-gpu-dra-driver/cmd/gpu-kubeletplugin/cdi.go:103.92,111.33 3 0
github.com/ROCm/k8s-gpu-dra-driver/cmd/gpu-kubeletplugin/cdi.go:111.33,122.3 5 0
github.com/ROCm/k8s-gpu-dra-driver/cmd/gpu-kubeletplugin/cdi.go:124.2,125.16 2 0
github.com/ROCm/k8s-gpu-dra-driver/cmd/gpu-kubeletplugin/cdi.go:125.16,127.3 1 0
github.com/ROCm/k8s-gpu-dra-driver/cmd/gpu-kubeletplugin/cdi.go:128.2,130.44 2 0
github.com/ROCm/k8s-gpu-dra-driver/cmd/gpu-kubeletplugin/cdi.go:133.67,136.2 2 0
github.com/ROCm/k8s-gpu-dra-driver/cmd/gpu-kubeletplugin/cdi.go:138.84,143.33 2 0
github.com/ROCm/k8s-gpu-dra-driver/cmd/gpu-kubeletplugin/cdi.go:143.33,146.3 2 0
github.com/ROCm/k8s-gpu-dra-driver/cmd/gpu-kubeletplugin/cdi.go:148.2,148.19 1 0
github.com/ROCm/k8s-gpu-dra-driver/cmd/gpu-kubeletplugin/checkpoint.go:49.34,57.2 2 0
github.com/ROCm/k8s-gpu-dra-driver/cmd/gpu-kubeletplugin/checkpoint.go:59.59,62.16 3 0
github.com/ROCm/k8s-gpu-dra-driver/cmd/gpu-kubeletplugin/checkpoint.go:62.16,64.3 1 0
github.com/ROCm/k8s-gpu-dra-driver/cmd/gpu-kubeletplugin/checkpoint.go:65.2,66.26 2 0
github.com/ROCm/k8s-gpu-dra-driver/cmd/gpu-kubeletplugin/checkpoint.go:69.62,71.2 1 0
github.com/ROCm/k8s-gpu-dra-driver/cmd/gpu-kubeletplugin/checkpoint.go:73.46,76.15 3 0
github.com/ROCm/k8s-gpu-dra-driver/cmd/gpu-kubeletplugin/checkpoint.go:76.15,78.3 1 0
github.com/ROCm/k8s-gpu-dra-driver/cmd/gpu-kubeletplugin/checkpoint.go:79.2,80.16 2 0
github.com/ROCm/k8s-gpu-dra-driver/cmd/gpu-kubeletplugin/checkpoint.go:80.16,82.3 1 0
github.com/ROCm/k8s-gpu-dra-driver/cmd/gpu-kubeletplugin/checkpoint.go:83.2,83.23 1 0
github.com/ROCm/k8s-gpu-dra-driver/cmd/gpu-kubeletplugin/deviceinfo.go:61.45,63.2 1 0
github.com/ROCm/k8s-gpu-dra-driver/cmd/gpu-kubeletplugin/deviceinfo.go:66.53,73.22 2 0
github.com/ROCm/k8s-gpu-dra-driver/cmd/gpu-kubeletplugin/deviceinfo.go:73.22,75.3 1 0
github.com/ROCm/k8s-gpu-dra-driver/cmd/gpu-kubeletplugin/deviceinfo.go:76.2,76.30 1 0
github.com/ROCm/k8s-gpu-dra-driver/cmd/gpu-kubeletplugin/deviceinfo.go:76.30,78.3 1 0
github.com/ROCm/k8s-gpu-dra-driver/cmd/gpu-kubeletplugin/deviceinfo.go:79.2,79.31 1 0
github.com/ROCm/k8s-gpu-dra-driver/cmd/gpu-kubeletplugin/deviceinfo.go:79.31,81.3 1 0
github.com/ROCm/k8s-gpu-dra-driver/cmd/gpu-kubeletplugin/deviceinfo.go:82.2,82.31 1 0
github.com/ROCm/k8s-gpu-dra-driver/cmd/gpu-kubeletplugin/deviceinfo.go:82.31,84.3 1 0
github.com/ROCm/k8s-gpu-dra-driver/cmd/gpu-kubeletplugin/deviceinfo.go:85.2,93.3 1 0
github.com/ROCm/k8s-gpu-dra-driver/cmd/gpu-kubeletplugin/deviceinfo.go:97.51,99.2 1 0
github.com/ROCm/k8s-gpu-dra-driver/cmd/gpu-kubeletplugin/deviceinfo.go:102.59,110.29 2 0
github.com/ROCm/k8s-gpu-dra-driver/cmd/gpu-kubeletplugin/deviceinfo.go:110.29,112.3 1 0
github.com/ROCm/k8s-gpu-dra-driver/cmd/gpu-kubeletplugin/deviceinfo.go:113.2,113.38 1 0
github.com/ROCm/k8s-gpu-dra-driver/cmd/gpu-kubeletplugin/deviceinfo.go:113.38,115.3 1 0
github.com/ROCm/k8s-gpu-dra-driver/cmd/gpu-kubeletplugin/deviceinfo.go:116.2,116.38 1 0
github.com/ROCm/k8s-gpu-dra-driver/cmd/gpu-kubeletplugin/deviceinfo.go:116.38,118.3 1 0
github.com/ROCm/k8s-gpu-dra-driver/cmd/gpu-kubeletplugin/deviceinfo.go:119.2,127.3 1 0
github.com/ROCm/k8s-gpu-dra-driver/cmd/gpu-kubeletplugin/discovery.go:44.53,47.16 3 0
github.com/ROCm/k8s-gpu-dra-driver/cmd/gpu-kubeletplugin/discovery.go:47.16,49.3 1 0
github.com/ROCm/k8s-gpu-dra-driver/cmd/gpu-kubeletplugin/discovery.go:50.2,50.27 1 0
github.com/ROCm/k8s-gpu-dra-driver/cmd/gpu-kubeletplugin/discovery.go:54.91,55.56 1 0
github.com/ROCm/k8s-gpu-dra-driver/cmd/gpu-kubeletplugin/discovery.go:55.56,57.3 1 0
github.com/ROCm/k8s-gpu-dra-driver/cmd/gpu-kubeletplugin/discovery.go:58.2,58.52 1 0
github.com/ROCm/k8s-gpu-dra-driver/cmd/gpu-kubeletplugin/discovery.go:58.52,60.3 1 0
github.com/ROCm/k8s-gpu-dra-driver/cmd/gpu-kubeletplugin/discovery.go:61.2,61.8 1 0
github.com/ROCm/k8s-gpu-dra-driver/cmd/gpu-kubeletplugin/discovery.go:65.112,66.76 1 0
github.com/ROCm/k8s-gpu-dra-driver/cmd/gpu-kubeletplugin/discovery.go:66.76,68.3 1 0
github.com/ROCm/k8s-gpu-dra-driver/cmd/gpu-kubeletplugin/discovery.go:70.2,71.21 2 0
github.com/ROCm/k8s-gpu-dra-driver/cmd/gpu-kubeletplugin/discovery.go:74.135,77.16 3 0
github.com/ROCm/k8s-gpu-dra-driver/cmd/gpu-kubeletplugin/discovery.go:77.16,79.3 1 0
github.com/ROCm/k8s-gpu-dra-driver/cmd/gpu-kubeletplugin/discovery.go:80.2,81.16 2 0
github.com/ROCm/k8s-gpu-dra-driver/cmd/gpu-kubeletplugin/discovery.go:81.16,83.3 1 0
github.com/ROCm/k8s-gpu-dra-driver/cmd/gpu-kubeletplugin/discovery.go:84.2,84.49 1 0
github.com/ROCm/k8s-gpu-dra-driver/cmd/gpu-kubeletplugin/discovery.go:87.64,91.46 3 0
github.com/ROCm/k8s-gpu-dra-driver/cmd/gpu-kubeletplugin/discovery.go:91.46,94.17 2 0
github.com/ROCm/k8s-gpu-dra-driver/cmd/gpu-kubeletplugin/discovery.go:94.17,97.4 1 0
github.com/ROCm/k8s-gpu-dra-driver/cmd/gpu-kubeletplugin/discovery.go:100.3,106.87 4 0
github.com/ROCm/k8s-gpu-dra-driver/cmd/gpu-kubeletplugin/discovery.go:106.87,109.63 2 0
github.com/ROCm/k8s-gpu-dra-driver/cmd/gpu-kubeletplugin/discovery.go:109.63,111.5 1 0
github.com/ROCm/k8s-gpu-dra-driver/cmd/gpu-kubeletplugin/discovery.go:113.4,137.71 4 0
github.com/ROCm/k8s-gpu-dra-driver/cmd/gpu-kubeletplugin/discovery.go:138.9,138.40 1 0
github.com/ROCm/k8s-gpu-dra-driver/cmd/gpu-kubeletplugin/discovery.go:138.40,172.4 5 0
github.com/ROCm/k8s-gpu-dra-driver/cmd/gpu-kubeletplugin/discovery.go:172.9,174.4 1 0
github.com/ROCm/k8s-gpu-dra-driver/cmd/gpu-kubeletplugin/discovery.go:177.2,178.24 2 0
github.com/ROCm/k8s-gpu-dra-driver/cmd/gpu-kubeletplugin/driver.go:61.70,68.16 3 0
github.com/ROCm/k8s-gpu-dra-driver/cmd/gpu-kubeletplugin/driver.go:68.16,70.3 1 0
github.com/ROCm/k8s-gpu-dra-driver/cmd/gpu-kubeletplugin/driver.go:71.2,82.16 3 0
github.com/ROCm/k8s-gpu-dra-driver/cmd/gpu-kubeletplugin/driver.go:82.16,84.3 1 0
github.com/ROCm/k8s-gpu-dra-driver/cmd/gpu-kubeletplugin/driver.go:85.2,88.53 3 0
github.com/ROCm/k8s-gpu-dra-driver/cmd/gpu-kubeletplugin/driver.go:88.53,90.3 1 0
github.com/ROCm/k8s-gpu-dra-driver/cmd/gpu-kubeletplugin/driver.go:91.2,103.79 2 0
github.com/ROCm/k8s-gpu-dra-driver/cmd/gpu-kubeletplugin/driver.go:103.79,105.3 1 0
github.com/ROCm/k8s-gpu-dra-driver/cmd/gpu-kubeletplugin/driver.go:105.8,107.3 1 0
github.com/ROCm/k8s-gpu-dra-driver/cmd/gpu-kubeletplugin/driver.go:109.2,110.16 2 0
github.com/ROCm/k8s-gpu-dra-driver/cmd/gpu-kubeletplugin/driver.go:110.16,112.3 1 0
github.com/ROCm/k8s-gpu-dra-driver/cmd/gpu-kubeletplugin/driver.go:114.2,114.64 1 0
github.com/ROCm/k8s-gpu-dra-driver/cmd/gpu-kubeletplugin/driver.go:114.64,116.3 1 0
github.com/ROCm/k8s-gpu-dra-driver/cmd/gpu-kubeletplugin/driver.go:118.2,118.20 1 0
github.com/ROCm/k8s-gpu-dra-driver/cmd/gpu-kubeletplugin/driver.go:121.53,122.26 1 0
github.com/ROCm/k8s-gpu-dra-driver/cmd/gpu-kubeletplugin/driver.go:122.26,124.3 1 0
github.com/ROCm/k8s-gpu-dra-driver/cmd/gpu-kubeletplugin/driver.go:125.2,126.12 2 0
github.com/ROCm/k8s-gpu-dra-driver/cmd/gpu-kubeletplugin/driver.go:129.149,133.31 3 0
github.com/ROCm/k8s-gpu-dra-driver/cmd/gpu-kubeletplugin/driver.go:133.31,135.3 1 0
github.com/ROCm/k8s-gpu-dra-driver/cmd/gpu-kubeletplugin/driver.go:137.2,137.20 1 0
github.com/ROCm/k8s-gpu-dra-driver/cmd/gpu-kubeletplugin/driver.go:140.120,142.16 2 0
github.com/ROCm/k8s-gpu-dra-driver/cmd/gpu-kubeletplugin/driver.go:142.16,146.3 1 0
github.com/ROCm/k8s-gpu-dra-driver/cmd/gpu-kubeletplugin/driver.go:147.2,148.41 2 0
github.com/ROCm/k8s-gpu-dra-driver/cmd/gpu-kubeletplugin/driver.go:148.41,155.3 1 0
github.com/ROCm/k8s-gpu-dra-driver/cmd/gpu-kubeletplugin/driver.go:157.2,158.55 2 0
github.com/ROCm/k8s-gpu-dra-driver/cmd/gpu-kubeletplugin/driver.go:161.133,165.31 3 0
github.com/ROCm/k8s-gpu-dra-driver/cmd/gpu-kubeletplugin/driver.go:165.31,167.3 1 0
github.com/ROCm/k8s-gpu-dra-driver/cmd/gpu-kubeletplugin/driver.go:169.2,169.20 1 0
github.com/ROCm/k8s-gpu-dra-driver/cmd/gpu-kubeletplugin/driver.go:172.104,173.61 1 0
github.com/ROCm/k8s-gpu-dra-driver/cmd/gpu-kubeletplugin/driver.go:173.61,175.3 1 0
github.com/ROCm/k8s-gpu-dra-driver/cmd/gpu-kubeletplugin/driver.go:177.2,177.12 1 0
github.com/ROCm/k8s-gpu-dra-driver/cmd/gpu-kubeletplugin/driver.go:180.74,182.73 2 0
github.com/ROCm/k8s-gpu-dra-driver/cmd/gpu-kubeletplugin/driver.go:182.73,184.3 1 0
github.com/ROCm/k8s-gpu-dra-driver/cmd/gpu-kubeletplugin/health.go:66.82,70.14 3 0
github.com/ROCm/k8s-gpu-dra-driver/cmd/gpu-kubeletplugin/health.go:70.14,72.3 1 0
github.com/ROCm/k8s-gpu-dra-driver/cmd/gpu-kubeletplugin/health.go:74.2,76.16 3 0
github.com/ROCm/k8s-gpu-dra-driver/cmd/gpu-kubeletplugin/health.go:76.16,78.3 1 0
github.com/ROCm/k8s-gpu-dra-driver/cmd/gpu-kubeletplugin/health.go:80.2,91.16 4 0
github.com/ROCm/k8s-gpu-dra-driver/cmd/gpu-kubeletplugin/health.go:91.16,93.3 1 0
github.com/ROCm/k8s-gpu-dra-driver/cmd/gpu-kubeletplugin/health.go:95.2,104.16 4 0
github.com/ROCm/k8s-gpu-dra-driver/cmd/gpu-kubeletplugin/health.go:104.16,106.3 1 0
github.com/ROCm/k8s-gpu-dra-driver/cmd/gpu-kubeletplugin/health.go:108.2,117.12 5 0
github.com/ROCm/k8s-gpu-dra-driver/cmd/gpu-kubeletplugin/health.go:117.12,120.43 3 0
github.com/ROCm/k8s-gpu-dra-driver/cmd/gpu-kubeletplugin/health.go:120.43,122.4 1 0
github.com/ROCm/k8s-gpu-dra-driver/cmd/gpu-kubeletplugin/health.go:125.2,125.25 1 0
github.com/ROCm/k8s-gpu-dra-driver/cmd/gpu-kubeletplugin/health.go:128.48,129.21 1 0
github.com/ROCm/k8s-gpu-dra-driver/cmd/gpu-kubeletplugin/health.go:129.21,132.3 2 0
github.com/ROCm/k8s-gpu-dra-driver/cmd/gpu-kubeletplugin/health.go:133.2,133.13 1 0
github.com/ROCm/k8s-gpu-dra-driver/cmd/gpu-kubeletplugin/health.go:137.135,141.57 3 0
github.com/ROCm/k8s-gpu-dra-driver/cmd/gpu-kubeletplugin/health.go:141.57,143.3 1 0
github.com/ROCm/k8s-gpu-dra-driver/cmd/gpu-kubeletplugin/health.go:145.2,150.16 3 0
github.com/ROCm/k8s-gpu-dra-driver/cmd/gpu-kubeletplugin/health.go:150.16,153.3 2 0
github.com/ROCm/k8s-gpu-dra-driver/cmd/gpu-kubeletplugin/health.go:154.2,157.16 3 0
github.com/ROCm/k8s-gpu-dra-driver/cmd/gpu-kubeletplugin/health.go:157.16,160.3 2 0
github.com/ROCm/k8s-gpu-dra-driver/cmd/gpu-kubeletplugin/health.go:161.2,164.20 3 0
github.com/ROCm/k8s-gpu-dra-driver/cmd/gpu-kubeletplugin/main.go:75.43,77.2 1 0
github.com/ROCm/k8s-gpu-dra-driver/cmd/gpu-kubeletplugin/main.go:79.13,80.46 1 0
github.com/ROCm/k8s-gpu-dra-driver/cmd/gpu-kubeletplugin/main.go:80.46,83.3 2 0
github.com/ROCm/k8s-gpu-dra-driver/cmd/gpu-kubeletplugin/main.go:86.24,136.38 5 0
github.com/ROCm/k8s-gpu-dra-driver/cmd/gpu-kubeletplugin/main.go:136.38,137.26 1 0
github.com/ROCm/k8s-gpu-dra-driver/cmd/gpu-kubeletplugin/main.go:137.26,139.5 1 0
github.com/ROCm/k8s-gpu-dra-driver/cmd/gpu-kubeletplugin/main.go:140.4,140.38 1 0
github.com/ROCm/k8s-gpu-dra-driver/cmd/gpu-kubeletplugin/main.go:142.38,145.18 3 0
github.com/ROCm/k8s-gpu-dra-driver/cmd/gpu-kubeletplugin/main.go:145.18,147.5 1 0
github.com/ROCm/k8s-gpu-dra-driver/cmd/gpu-kubeletplugin/main.go:149.4,154.33 2 0
github.com/ROCm/k8s-gpu-dra-driver/cmd/gpu-kubeletplugin/main.go:158.2,158.12 1 0
github.com/ROCm/k8s-gpu-dra-driver/cmd/gpu-kubeletplugin/main.go:161.59,165.16 3 0
github.com/ROCm/k8s-gpu-dra-driver/cmd/gpu-kubeletplugin/main.go:165.16,167.3 1 0
github.com/ROCm/k8s-gpu-dra-driver/cmd/gpu-kubeletplugin/main.go:169.2,170.9 2 0
github.com/ROCm/k8s-gpu-dra-driver/cmd/gpu-kubeletplugin/main.go:171.40,173.17 2 0
github.com/ROCm/k8s-gpu-dra-driver/cmd/gpu-kubeletplugin/main.go:173.17,175.4 1 0
github.com/ROCm/k8s-gpu-dra-driver/cmd/gpu-kubeletplugin/main.go:176.18,177.13 1 0
github.com/ROCm/k8s-gpu-dra-driver/cmd/gpu-kubeletplugin/main.go:178.21,179.82 1 0
github.com/ROCm/k8s-gpu-dra-driver/cmd/gpu-kubeletplugin/main.go:182.2,188.16 6 0
github.com/ROCm/k8s-gpu-dra-driver/cmd/gpu-kubeletplugin/main.go:188.16,190.3 1 0
github.com/ROCm/k8s-gpu-dra-driver/cmd/gpu-kubeletplugin/main.go:192.2,196.80 3 0
github.com/ROCm/k8s-gpu-dra-driver/cmd/gpu-kubeletplugin/main.go:196.80,200.3 1 0
github.com/ROCm/k8s-gpu-dra-driver/cmd/gpu-kubeletplugin/main.go:202.2,203.16 2 0
github.com/ROCm/k8s-gpu-dra-driver/cmd/gpu-kubeletplugin/main.go:203.16,205.3 1 0
github.com/ROCm/k8s-gpu-dra-driver/cmd/gpu-kubeletplugin/main.go:207.2,207.12 1 0
github.com/ROCm/k8s-gpu-dra-driver/cmd/gpu-kubeletplugin/state.go:69.59,71.25 2 1
github.com/ROCm/k8s-gpu-dra-driver/cmd/gpu-kubeletplugin/state.go:71.25,73.3 1 1
github.com/ROCm/k8s-gpu-dra-driver/cmd/gpu-kubeletplugin/state.go:74.2,74.16 1 1
github.com/ROCm/k8s-gpu-dra-driver/cmd/gpu-kubeletplugin/state.go:84.59,86.16 2 0
github.com/ROCm/k8s-gpu-dra-driver/cmd/gpu-kubeletplugin/state.go:86.16,88.3 1 0
github.com/ROCm/k8s-gpu-dra-driver/cmd/gpu-kubeletplugin/state.go:90.2,91.16 2 0
github.com/ROCm/k8s-gpu-dra-driver/cmd/gpu-kubeletplugin/state.go:91.16,93.3 1 0
github.com/ROCm/k8s-gpu-dra-driver/cmd/gpu-kubeletplugin/state.go:95.2,96.16 2 0
github.com/ROCm/k8s-gpu-dra-driver/cmd/gpu-kubeletplugin/state.go:96.16,98.3 1 0
github.com/ROCm/k8s-gpu-dra-driver/cmd/gpu-kubeletplugin/state.go:100.2,101.16 2 0
github.com/ROCm/k8s-gpu-dra-driver/cmd/gpu-kubeletplugin/state.go:101.16,103.3 1 0
github.com/ROCm/k8s-gpu-dra-driver/cmd/gpu-kubeletplugin/state.go:105.2,112.16 3 0
github.com/ROCm/k8s-gpu-dra-driver/cmd/gpu-kubeletplugin/state.go:112.16,114.3 1 0
github.com/ROCm/k8s-gpu-dra-driver/cmd/gpu-kubeletplugin/state.go:116.2,116.32 1 0
github.com/ROCm/k8s-gpu-dra-driver/cmd/gpu-kubeletplugin/state.go:116.32,117.38 1 0
github.com/ROCm/k8s-gpu-dra-driver/cmd/gpu-kubeletplugin/state.go:117.38,119.4 1 0
github.com/ROCm/k8s-gpu-dra-driver/cmd/gpu-kubeletplugin/state.go:122.2,123.105 2 0
github.com/ROCm/k8s-gpu-dra-driver/cmd/gpu-kubeletplugin/state.go:123.105,125.3 1 0
github.com/ROCm/k8s-gpu-dra-driver/cmd/gpu-kubeletplugin/state.go:127.2,127.19 1 0
github.com/ROCm/k8s-gpu-dra-driver/cmd/gpu-kubeletplugin/state.go:130.92,137.98 5 0
github.com/ROCm/k8s-gpu-dra-driver/cmd/gpu-kubeletplugin/state.go:137.98,139.3 1 0
github.com/ROCm/k8s-gpu-dra-driver/cmd/gpu-kubeletplugin/state.go:140.2,142.37 2 0
github.com/ROCm/k8s-gpu-dra-driver/cmd/gpu-kubeletplugin/state.go:142.37,144.3 1 0
github.com/ROCm/k8s-gpu-dra-driver/cmd/gpu-kubeletplugin/state.go:146.2,147.16 2 0
github.com/ROCm/k8s-gpu-dra-driver/cmd/gpu-kubeletplugin/state.go:147.16,149.3 1 0
github.com/ROCm/k8s-gpu-dra-driver/cmd/gpu-kubeletplugin/state.go:151.2,151.76 1 0
github.com/ROCm/k8s-gpu-dra-driver/cmd/gpu-kubeletplugin/state.go:151.76,153.3 1 0
github.com/ROCm/k8s-gpu-dra-driver/cmd/gpu-kubeletplugin/state.go:155.2,156.101 2 0
github.com/ROCm/k8s-gpu-dra-driver/cmd/gpu-kubeletplugin/state.go:156.101,158.3 1 0
github.com/ROCm/k8s-gpu-dra-driver/cmd/gpu-kubeletplugin/state.go:160.2,160.51 1 0
github.com/ROCm/k8s-gpu-dra-driver/cmd/gpu-kubeletplugin/state.go:163.56,168.98 4 0
github.com/ROCm/k8s-gpu-dra-driver/cmd/gpu-kubeletplugin/state.go:168.98,170.3 1 0
github.com/ROCm/k8s-gpu-dra-driver/cmd/gpu-kubeletplugin/state.go:171.2,173.37 2 0
github.com/ROCm/k8s-gpu-dra-driver/cmd/gpu-kubeletplugin/state.go:173.37,175.3 1 0
github.com/ROCm/k8s-gpu-dra-driver/cmd/gpu-kubeletplugin/state.go:177.2,177.79 1 0
github.com/ROCm/k8s-gpu-dra-driver/cmd/gpu-kubeletplugin/state.go:177.79,179.3 1 0
github.com/ROCm/k8s-gpu-dra-driver/cmd/gpu-kubeletplugin/state.go:181.2,182.16 2 0
github.com/ROCm/k8s-gpu-dra-driver/cmd/gpu-kubeletplugin/state.go:182.16,184.3 1 0
github.com/ROCm/k8s-gpu-dra-driver/cmd/gpu-kubeletplugin/state.go:186.2,187.101 2 0
github.com/ROCm/k8s-gpu-dra-driver/cmd/gpu-kubeletplugin/state.go:187.101,189.3 1 0
github.com/ROCm/k8s-gpu-dra-driver/cmd/gpu-kubeletplugin/state.go:191.2,191.12 1 0
github.com/ROCm/k8s-gpu-dra-driver/cmd/gpu-kubeletplugin/state.go:194.97,195.36 1 0
github.com/ROCm/k8s-gpu-dra-driver/cmd/gpu-kubeletplugin/state.go:195.36,197.3 1 0
github.com/ROCm/k8s-gpu-dra-driver/cmd/gpu-kubeletplugin/state.go:200.2,205.16 2 0
github.com/ROCm/k8s-gpu-dra-driver/cmd/gpu-kubeletplugin/state.go:205.16,207.3 1 0
github.com/ROCm/k8s-gpu-dra-driver/cmd/gpu-kubeletplugin/state.go:212.2,220.65 3 0
github.com/ROCm/k8s-gpu-dra-driver/cmd/gpu-kubeletplugin/state.go:220.65,221.57 1 0
github.com/ROCm/k8s-gpu-dra-driver/cmd/gpu-kubeletplugin/state.go:221.57,223.4 1 0
github.com/ROCm/k8s-gpu-dra-driver/cmd/gpu-kubeletplugin/state.go:224.3,224.46 1 0
github.com/ROCm/k8s-gpu-dra-driver/cmd/gpu-kubeletplugin/state.go:224.46,225.75 1 0
github.com/ROCm/k8s-gpu-dra-driver/cmd/gpu-kubeletplugin/state.go:225.75,227.10 2 0
github.com/ROCm/k8s-gpu-dra-driver/cmd/gpu-kubeletplugin/state.go:235.2,236.43 2 0
github.com/ROCm/k8s-gpu-dra-driver/cmd/gpu-kubeletplugin/state.go:236.43,239.33 2 0
github.com/ROCm/k8s-gpu-dra-driver/cmd/gpu-kubeletplugin/state.go:240.29,241.23 1 0
github.com/ROCm/k8s-gpu-dra-driver/cmd/gpu-kubeletplugin/state.go:242.11,243.78 1 0
github.com/ROCm/k8s-gpu-dra-driver/cmd/gpu-kubeletplugin/state.go:247.3,247.44 1 0
github.com/ROCm/k8s-gpu-dra-driver/cmd/gpu-kubeletplugin/state.go:247.44,249.4 1 0
github.com/ROCm/k8s-gpu-dra-driver/cmd/gpu-kubeletplugin/state.go:252.3,252.43 1 0
github.com/ROCm/k8s-gpu-dra-driver/cmd/gpu-kubeletplugin/state.go:252.43,254.4 1 0
github.com/ROCm/k8s-gpu-dra-driver/cmd/gpu-kubeletplugin/state.go:257.3,258.17 2 0
github.com/ROCm/k8s-gpu-dra-driver/cmd/gpu-kubeletplugin/state.go:258.17,260.4 1 0
github.com/ROCm/k8s-gpu-dra-driver/cmd/gpu-kubeletplugin/state.go:263.3,263.36 1 0
github.com/ROCm/k8s-gpu-dra-driver/cmd/gpu-kubeletplugin/state.go:263.36,265.4 1 0
github.com/ROCm/k8s-gpu-dra-driver/cmd/gpu-kubeletplugin/state.go:270.2,271.43 2 0
github.com/ROCm/k8s-gpu-dra-driver/cmd/gpu-kubeletplugin/state.go:271.43,272.34 1 0
github.com/ROCm/k8s-gpu-dra-driver/cmd/gpu-kubeletplugin/state.go:272.34,283.4 2 0
github.com/ROCm/k8s-gpu-dra-driver/cmd/gpu-kubeletplugin/state.go:286.2,286.29 1 0
github.com/ROCm/k8s-gpu-dra-driver/cmd/gpu-kubeletplugin/state.go:289.88,291.2 1 0
github.com/ROCm/k8s-gpu-dra-driver/cmd/gpu-kubeletplugin/state.go:294.112,296.16 2 0
github.com/ROCm/k8s-gpu-dra-driver/cmd/gpu-kubeletplugin/state.go:296.16,298.3 1 0
github.com/ROCm/k8s-gpu-dra-driver/cmd/gpu-kubeletplugin/state.go:300.2,301.9 2 0
github.com/ROCm/k8s-gpu-dra-driver/cmd/gpu-kubeletplugin/state.go:301.9,303.3 1 0
github.com/ROCm/k8s-gpu-dra-driver/cmd/gpu-kubeletplugin/state.go:306.2,310.48 3 0
github.com/ROCm/k8s-gpu-dra-driver/cmd/gpu-kubeletplugin/state.go:310.48,312.3 1 0
github.com/ROCm/k8s-gpu-dra-driver/cmd/gpu-kubeletplugin/state.go:312.8,312.51 1 0
github.com/ROCm/k8s-gpu-dra-driver/cmd/gpu-kubeletplugin/state.go:312.51,314.3 1 0
github.com/ROCm/k8s-gpu-dra-driver/cmd/gpu-kubeletplugin/state.go:314.8,316.3 1 0
github.com/ROCm/k8s-gpu-dra-driver/cmd/gpu-kubeletplugin/state.go:319.2,321.48 2 0
github.com/ROCm/k8s-gpu-dra-driver/cmd/gpu-kubeletplugin/state.go:325.154,328.33 2 0
github.com/ROCm/k8s-gpu-dra-driver/cmd/gpu-kubeletplugin/state.go:328.33,331.17 3 0
github.com/ROCm/k8s-gpu-dra-driver/cmd/gpu-kubeletplugin/state.go:331.17,333.4 1 0
github.com/ROCm/k8s-gpu-dra-driver/cmd/gpu-kubeletplugin/state.go:342.3,347.17 5 0
github.com/ROCm/k8s-gpu-dra-driver/cmd/gpu-kubeletplugin/state.go:347.17,349.4 1 0
github.com/ROCm/k8s-gpu-dra-driver/cmd/gpu-kubeletplugin/state.go:350.3,351.17 2 0
github.com/ROCm/k8s-gpu-dra-driver/cmd/gpu-kubeletplugin/state.go:351.17,353.4 1 0
github.com/ROCm/k8s-gpu-dra-driver/cmd/gpu-kubeletplugin/state.go:354.3,355.17 2 0
github.com/ROCm/k8s-gpu-dra-driver/cmd/gpu-kubeletplugin/state.go:355.17,357.4 1 0
github.com/ROCm/k8s-gpu-dra-driver/cmd/gpu-kubeletplugin/state.go:359.3,388.80 2 0
github.com/ROCm/k8s-gpu-dra-driver/cmd/gpu-kubeletplugin/state.go:391.2,391.28 1 0
github.com/ROCm/k8s-gpu-dra-driver/cmd/gpu-kubeletplugin/state.go:409.34,414.41 4 0
github.com/ROCm/k8s-gpu-dra-driver/cmd/gpu-kubeletplugin/state.go:414.41,415.24 1 0
github.com/ROCm/k8s-gpu-dra-driver/cmd/gpu-kubeletplugin/state.go:416.48,417.47 1 0
github.com/ROCm/k8s-gpu-dra-driver/cmd/gpu-kubeletplugin/state.go:418.48,419.47 1 0
github.com/ROCm/k8s-gpu-dra-driver/cmd/gpu-kubeletplugin/state.go:420.11,421.70 1 0
github.com/ROCm/k8s-gpu-dra-driver/cmd/gpu-kubeletplugin/state.go:424.2,429.42 4 0
github.com/ROCm/k8s-gpu-dra-driver/cmd/gpu-kubeletplugin/state.go:429.42,432.47 1 0
github.com/ROCm/k8s-gpu-dra-driver/cmd/gpu-kubeletplugin/state.go:432.47,434.4 1 0
github.com/ROCm/k8s-gpu-dra-driver/cmd/gpu-kubeletplugin/state.go:440.3,440.61 1 0
github.com/ROCm/k8s-gpu-dra-driver/cmd/gpu-kubeletplugin/state.go:440.61,441.12 1 0
github.com/ROCm/k8s-gpu-dra-driver/cmd/gpu-kubeletplugin/state.go:444.3,445.17 2 0
github.com/ROCm/k8s-gpu-dra-driver/cmd/gpu-kubeletplugin/state.go:445.17,447.4 1 0
github.com/ROCm/k8s-gpu-dra-driver/cmd/gpu-kubeletplugin/state.go:449.3,454.54 2 0
github.com/ROCm/k8s-gpu-dra-driver/cmd/gpu-kubeletplugin/state.go:457.2,457.27 1 0
github.com/ROCm/k8s-gpu-dra-driver/cmd/webhook/main.go:82.13,84.2 1 1
github.com/ROCm/k8s-gpu-dra-driver/cmd/webhook/main.go:86.13,87.46 1 0
github.com/ROCm/k8s-gpu-dra-driver/cmd/webhook/main.go:87.46,90.3 2 0
github.com/ROCm/k8s-gpu-dra-driver/cmd/webhook/main.go:93.24,125.38 4 0
github.com/ROCm/k8s-gpu-dra-driver/cmd/webhook/main.go:125.38,126.26 1 0
github.com/ROCm/k8s-gpu-dra-driver/cmd/webhook/main.go:126.26,128.5 1 0
github.com/ROCm/k8s-gpu-dra-driver/cmd/webhook/main.go:129.4,129.38 1 0
github.com/ROCm/k8s-gpu-dra-driver/cmd/webhook/main.go:131.38,138.4 3 0
github.com/ROCm/k8s-gpu-dra-driver/cmd/webhook/main.go:141.2,141.12 1 0
github.com/ROCm/k8s-gpu-dra-driver/cmd/webhook/main.go:144.30,147.75 3 1
github.com/ROCm/k8s-gpu-dra-driver/cmd/webhook/main.go:147.75,149.17 2 1
github.com/ROCm/k8s-gpu-dra-driver/cmd/webhook/main.go:149.17,152.4 2 0
github.com/ROCm/k8s-gpu-dra-driver/cmd/webhook/main.go:154.2,154.12 1 1
github.com/ROCm/k8s-gpu-dra-driver/cmd/webhook/main.go:157.65,159.2 1 1
github.com/ROCm/k8s-gpu-dra-driver/cmd/webhook/main.go:163.124,165.19 2 1
github.com/ROCm/k8s-gpu-dra-driver/cmd/webhook/main.go:165.19,167.17 2 1
github.com/ROCm/k8s-gpu-dra-driver/cmd/webhook/main.go:167.17,171.4 3 0
github.com/ROCm/k8s-gpu-dra-driver/cmd/webhook/main.go:172.3,172.14 1 1
github.com/ROCm/k8s-gpu-dra-driver/cmd/webhook/main.go:176.2,177.39 2 1
github.com/ROCm/k8s-gpu-dra-driver/cmd/webhook/main.go:177.39,182.3 4 1
github.com/ROCm/k8s-gpu-dra-driver/cmd/webhook/main.go:184.2,187.16 3 1
github.com/ROCm/k8s-gpu-dra-driver/cmd/webhook/main.go:187.16,192.3 4 1
github.com/ROCm/k8s-gpu-dra-driver/cmd/webhook/main.go:193.2,200.16 7 0
github.com/ROCm/k8s-gpu-dra-driver/cmd/webhook/main.go:200.16,204.3 3 0
github.com/ROCm/k8s-gpu-dra-driver/cmd/webhook/main.go:205.2,206.46 2 0
github.com/ROCm/k8s-gpu-dra-driver/cmd/webhook/main.go:206.46,208.3 1 0
github.com/ROCm/k8s-gpu-dra-driver/cmd/webhook/main.go:211.77,214.16 3 1
github.com/ROCm/k8s-gpu-dra-driver/cmd/webhook/main.go:214.16,216.3 1 1
github.com/ROCm/k8s-gpu-dra-driver/cmd/webhook/main.go:218.2,218.72 1 0
github.com/ROCm/k8s-gpu-dra-driver/cmd/webhook/main.go:218.72,220.3 1 0
github.com/ROCm/k8s-gpu-dra-driver/cmd/webhook/main.go:222.2,223.9 2 0
github.com/ROCm/k8s-gpu-dra-driver/cmd/webhook/main.go:223.9,225.3 1 0
github.com/ROCm/k8s-gpu-dra-driver/cmd/webhook/main.go:227.2,227.38 1 0
github.com/ROCm/k8s-gpu-dra-driver/cmd/webhook/main.go:232.98,241.29 6 0
github.com/ROCm/k8s-gpu-dra-driver/cmd/webhook/main.go:242.29,244.69 2 0
github.com/ROCm/k8s-gpu-dra-driver/cmd/webhook/main.go:244.69,252.4 2 0
github.com/ROCm/k8s-gpu-dra-driver/cmd/webhook/main.go:253.3,254.20 2 0
github.com/ROCm/k8s-gpu-dra-driver/cmd/webhook/main.go:255.37,257.77 2 0
github.com/ROCm/k8s-gpu-dra-driver/cmd/webhook/main.go:257.77,265.4 2 0
github.com/ROCm/k8s-gpu-dra-driver/cmd/webhook/main.go:266.3,267.25 2 0
github.com/ROCm/k8s-gpu-dra-driver/cmd/webhook/main.go:268.10,276.4 3 0
github.com/ROCm/k8s-gpu-dra-driver/cmd/webhook/main.go:279.2,280.49 2 0
github.com/ROCm/k8s-gpu-dra-driver/cmd/webhook/main.go:280.49,281.72 1 0
github.com/ROCm/k8s-gpu-dra-driver/cmd/webhook/main.go:281.72,282.12 1 0
github.com/ROCm/k8s-gpu-dra-driver/cmd/webhook/main.go:285.3,287.17 3 0
github.com/ROCm/k8s-gpu-dra-driver/cmd/webhook/main.go:287.17,289.12 2 0
github.com/ROCm/k8s-gpu-dra-driver/cmd/webhook/main.go:291.3,292.10 2 0
github.com/ROCm/k8s-gpu-dra-driver/cmd/webhook/main.go:292.10,294.12 2 0
github.com/ROCm/k8s-gpu-dra-driver/cmd/webhook/main.go:296.3,297.17 2 0
github.com/ROCm/k8s-gpu-dra-driver/cmd/webhook/main.go:297.17,299.4 1 0
github.com/ROCm/k8s-gpu-dra-driver/cmd/webhook/main.go:302.2,302.19 1 0
github.com/ROCm/k8s-gpu-dra-driver/cmd/webhook/main.go:302.19,304.28 2 0
github.com/ROCm/k8s-gpu-dra-driver/cmd/webhook/main.go:304.28,306.4 1 0
github.com/ROCm/k8s-gpu-dra-driver/cmd/webhook/main.go:307.3,314.4 3 0
github.com/ROCm/k8s-gpu-dra-driver/cmd/webhook/main.go:317.2,319.3 1 0
